10 15 7
3 6 1
0 4 2
3 5 4
6 4 8
1 3 3
5 3 7
2 1 15
4 1 11
1 0 16
5 0 12
1
5
9
13
17
21
26
1 30 1 2 4
2 19 1 3 1
5 21 1 4 2
3 5 1 1 3
1 4 2 6 8
3 25 2 7 5
6 9 2 8 6
4 26 2 5 7
4 7 3 10 12
6 24 3 11 9
8 13 3 12 10
10 27 3 9 11
10 11 4 14 16
8 23 4 15 13
7 17 4 16 14
9 28 4 13 15
9 15 5 18 20
7 22 5 19 17
5 2 5 20 18
2 29 5 17 19
3 3 6 22 25
5 18 6 23 21
7 14 6 24 22
8 10 6 25 23
6 6 6 21 24
1 8 7 27 30
4 12 7 28 26
10 16 7 29 27
9 20 7 30 28
2 1 7 26 29
