4 4 2
0 0 1
1 0 2
1 1 3
0 1 4
1
5
1 6 1 2 4
2 5 1 3 1
3 8 1 4 2
4 7 1 1 3
3 2 2 6 8
2 1 2 7 5
1 4 2 8 6
4 3 2 5 7
