4 5 3
0 0 1
2 0 2
2 2 5
0 2 3
1
4
7
1 8 1 2 3
2 6 1 3 1
4 9 1 1 2
2 7 2 5 6
3 10 2 6 4
4 2 2 4 5
3 4 3 8 10
2 1 3 9 7
1 3 3 10 8
4 5 3 7 9
