6 8 4
-7 3 1
-3 -2 2
2 0 3
-1 5 4
1 -5 6
-7 -4 8
1
5
8
11
1 9 1 2 4
2 7 1 3 1
3 12 1 4 2
4 11 1 1 3
2 14 2 6 7
5 13 2 7 5
3 2 2 5 6
6 15 3 9 10
2 1 3 10 8
1 16 3 8 9
1 4 4 12 16
4 3 4 13 11
3 6 4 14 12
5 5 4 15 13
2 8 4 16 14
6 10 4 11 15
