7 8 3
-6 3 1
0 -2 2
2 2 3
-4 5 4
-4 -5 10
-12 0 9
-4 8 8
1
5
11
1 16 1 2 4
2 15 1 3 1
3 6 1 4 2
4 5 1 1 3
1 4 2 6 10
4 3 2 7 5
3 14 2 8 6
7 13 2 9 7
6 12 2 10 8
5 11 2 5 9
1 10 3 12 16
5 9 3 13 11
6 8 3 14 12
7 7 3 15 13
3 2 3 16 14
2 1 3 11 15
