Chamou build from mesh
chamou create halfedges
chamou setupvertex
4 5 3
0 0 6
0 2 1
2 2 3
2 0 2
1
4
7
2 4 1 2 3
4 9 1 3 1
3 8 1 1 2
4 1 2 5 6
2 7 2 6 4
1 10 2 4 5
1 5 3 8 10
2 3 3 9 7
3 2 3 10 8
4 6 3 7 9
