Chamou build from mesh
chamou create halfedges
chamou setupvertex
4 4 2
0 0 1
4 0 2
4 4 3
0 4 4
1
5
1 7 1 2 4
2 6 1 3 1
3 5 1 4 2
4 8 1 1 3
4 3 2 6 8
3 2 2 7 5
2 1 2 8 6
1 4 2 5 7
